// Jest Snapshot v1, https://goo.gl/fbAQLP

exports[`TestComponent renders the correct values 1`] = `
<h1>
  My Title
</h1>
`;
